
AVRASM ver. 2.1.30  F:\touch\List\touch.asm Mon Apr 27 01:11:55 2015

F:\touch\List\touch.asm(1061): warning: Register r4 already defined by the .DEF directive
F:\touch\List\touch.asm(1062): warning: Register r3 already defined by the .DEF directive
F:\touch\List\touch.asm(1063): warning: Register r6 already defined by the .DEF directive
F:\touch\List\touch.asm(1064): warning: Register r5 already defined by the .DEF directive
F:\touch\List\touch.asm(1065): warning: Register r8 already defined by the .DEF directive
F:\touch\List\touch.asm(1066): warning: Register r7 already defined by the .DEF directive
F:\touch\List\touch.asm(1067): warning: Register r9 already defined by the .DEF directive
F:\touch\List\touch.asm(1068): warning: Register r11 already defined by the .DEF directive
F:\touch\List\touch.asm(1069): warning: Register r13 already defined by the .DEF directive
                 
                 
                 ;CodeVisionAVR C Compiler V2.05.0 Professional
                 ;(C) Copyright 1998-2010 Pavel Haiduc, HP InfoTech s.r.l.
                 ;http://www.hpinfotech.com
                 
                 ;Chip type                : ATmega328P
                 ;Program type             : Application
                 ;Clock frequency          : 16,000000 MHz
                 ;Memory model             : Small
                 ;Optimize for             : Size
                 ;(s)printf features       : int, width
                 ;(s)scanf features        : int, width
                 ;External RAM size        : 0
                 ;Data Stack size          : 512 byte(s)
                 ;Heap size                : 0 byte(s)
                 ;Promote 'char' to 'int'  : Yes
                 ;'char' is unsigned       : Yes
                 ;8 bit enums              : Yes
                 ;global 'const' stored in FLASH: No
                 ;Enhanced core instructions    : On
                 ;Smart register allocation     : On
                 ;Automatic register allocation : On
                 
                 	#pragma AVRPART ADMIN PART_NAME ATmega328P
                 	#pragma AVRPART MEMORY PROG_FLASH 32768
                 	#pragma AVRPART MEMORY EEPROM 1024
                 	#pragma AVRPART MEMORY INT_SRAM SIZE 2303
                 	#pragma AVRPART MEMORY INT_SRAM START_ADDR 0x100
                 
                 	#define CALL_SUPPORTED 1
                 
                 	.LISTMAC
                 	.EQU EERE=0x0
                 	.EQU EEWE=0x1
                 	.EQU EEMWE=0x2
                 	.EQU UDRE=0x5
                 	.EQU RXC=0x7
                 	.EQU EECR=0x1F
                 	.EQU EEDR=0x20
                 	.EQU EEARL=0x21
                 	.EQU EEARH=0x22
                 	.EQU SPSR=0x2D
                 	.EQU SPDR=0x2E
                 	.EQU SMCR=0x33
                 	.EQU MCUSR=0x34
                 	.EQU MCUCR=0x35
                 	.EQU WDTCSR=0x60
                 	.EQU UCSR0A=0xC0
                 	.EQU UDR0=0xC6
                 	.EQU SPL=0x3D
                 	.EQU SPH=0x3E
                 	.EQU SREG=0x3F
                 	.EQU GPIOR0=0x1E
                 
                 	.DEF R0X0=R0
                 	.DEF R0X1=R1
                 	.DEF R0X2=R2
                 	.DEF R0X3=R3
                 	.DEF R0X4=R4
                 	.DEF R0X5=R5
                 	.DEF R0X6=R6
                 	.DEF R0X7=R7
                 	.DEF R0X8=R8
                 	.DEF R0X9=R9
                 	.DEF R0XA=R10
                 	.DEF R0XB=R11
                 	.DEF R0XC=R12
                 	.DEF R0XD=R13
                 	.DEF R0XE=R14
                 	.DEF R0XF=R15
                 	.DEF R0X10=R16
                 	.DEF R0X11=R17
                 	.DEF R0X12=R18
                 	.DEF R0X13=R19
                 	.DEF R0X14=R20
                 	.DEF R0X15=R21
                 	.DEF R0X16=R22
                 	.DEF R0X17=R23
                 	.DEF R0X18=R24
                 	.DEF R0X19=R25
                 	.DEF R0X1A=R26
                 	.DEF R0X1B=R27
                 	.DEF R0X1C=R28
                 	.DEF R0X1D=R29
                 	.DEF R0X1E=R30
                 	.DEF R0X1F=R31
                 
                 	.EQU __SRAM_START=0x0100
                 	.EQU __SRAM_END=0x08FF
                 	.EQU __DSTACK_SIZE=0x0200
                 	.EQU __HEAP_SIZE=0x0000
                 	.EQU __CLEAR_SRAM_SIZE=__SRAM_END-__SRAM_START+1
                 
                 	.MACRO __CPD1N
                 	CPI  R30,LOW(@0)
                 	LDI  R26,HIGH(@0)
                 	CPC  R31,R26
                 	LDI  R26,BYTE3(@0)
                 	CPC  R22,R26
                 	LDI  R26,BYTE4(@0)
                 	CPC  R23,R26
                 	.ENDM
                 
                 	.MACRO __CPD2N
                 	CPI  R26,LOW(@0)
                 	LDI  R30,HIGH(@0)
                 	CPC  R27,R30
                 	LDI  R30,BYTE3(@0)
                 	CPC  R24,R30
                 	LDI  R30,BYTE4(@0)
                 	CPC  R25,R30
                 	.ENDM
                 
                 	.MACRO __CPWRR
                 	CP   R@0,R@2
                 	CPC  R@1,R@3
                 	.ENDM
                 
                 	.MACRO __CPWRN
                 	CPI  R@0,LOW(@2)
                 	LDI  R30,HIGH(@2)
                 	CPC  R@1,R30
                 	.ENDM
                 
                 	.MACRO __ADDB1MN
                 	SUBI R30,LOW(-@0-(@1))
                 	.ENDM
                 
                 	.MACRO __ADDB2MN
                 	SUBI R26,LOW(-@0-(@1))
                 	.ENDM
                 
                 	.MACRO __ADDW1MN
                 	SUBI R30,LOW(-@0-(@1))
                 	SBCI R31,HIGH(-@0-(@1))
                 	.ENDM
                 
                 	.MACRO __ADDW2MN
                 	SUBI R26,LOW(-@0-(@1))
                 	SBCI R27,HIGH(-@0-(@1))
                 	.ENDM
                 
                 	.MACRO __ADDW1FN
                 	SUBI R30,LOW(-2*@0-(@1))
                 	SBCI R31,HIGH(-2*@0-(@1))
                 	.ENDM
                 
                 	.MACRO __ADDD1FN
                 	SUBI R30,LOW(-2*@0-(@1))
                 	SBCI R31,HIGH(-2*@0-(@1))
                 	SBCI R22,BYTE3(-2*@0-(@1))
                 	.ENDM
                 
                 	.MACRO __ADDD1N
                 	SUBI R30,LOW(-@0)
                 	SBCI R31,HIGH(-@0)
                 	SBCI R22,BYTE3(-@0)
                 	SBCI R23,BYTE4(-@0)
                 	.ENDM
                 
                 	.MACRO __ADDD2N
                 	SUBI R26,LOW(-@0)
                 	SBCI R27,HIGH(-@0)
                 	SBCI R24,BYTE3(-@0)
                 	SBCI R25,BYTE4(-@0)
                 	.ENDM
                 
                 	.MACRO __SUBD1N
                 	SUBI R30,LOW(@0)
                 	SBCI R31,HIGH(@0)
                 	SBCI R22,BYTE3(@0)
                 	SBCI R23,BYTE4(@0)
                 	.ENDM
                 
                 	.MACRO __SUBD2N
                 	SUBI R26,LOW(@0)
                 	SBCI R27,HIGH(@0)
                 	SBCI R24,BYTE3(@0)
                 	SBCI R25,BYTE4(@0)
                 	.ENDM
                 
                 	.MACRO __ANDBMNN
                 	LDS  R30,@0+(@1)
                 	ANDI R30,LOW(@2)
                 	STS  @0+(@1),R30
                 	.ENDM
                 
                 	.MACRO __ANDWMNN
                 	LDS  R30,@0+(@1)
                 	ANDI R30,LOW(@2)
                 	STS  @0+(@1),R30
                 	LDS  R30,@0+(@1)+1
                 	ANDI R30,HIGH(@2)
                 	STS  @0+(@1)+1,R30
                 	.ENDM
                 
                 	.MACRO __ANDD1N
                 	ANDI R30,LOW(@0)
                 	ANDI R31,HIGH(@0)
                 	ANDI R22,BYTE3(@0)
                 	ANDI R23,BYTE4(@0)
                 	.ENDM
                 
                 	.MACRO __ANDD2N
                 	ANDI R26,LOW(@0)
                 	ANDI R27,HIGH(@0)
                 	ANDI R24,BYTE3(@0)
                 	ANDI R25,BYTE4(@0)
                 	.ENDM
                 
                 	.MACRO __ORBMNN
                 	LDS  R30,@0+(@1)
                 	ORI  R30,LOW(@2)
                 	STS  @0+(@1),R30
                 	.ENDM
                 
                 	.MACRO __ORWMNN
                 	LDS  R30,@0+(@1)
                 	ORI  R30,LOW(@2)
                 	STS  @0+(@1),R30
                 	LDS  R30,@0+(@1)+1
                 	ORI  R30,HIGH(@2)
                 	STS  @0+(@1)+1,R30
                 	.ENDM
                 
                 	.MACRO __ORD1N
                 	ORI  R30,LOW(@0)
                 	ORI  R31,HIGH(@0)
                 	ORI  R22,BYTE3(@0)
                 	ORI  R23,BYTE4(@0)
                 	.ENDM
                 
                 	.MACRO __ORD2N
                 	ORI  R26,LOW(@0)
                 	ORI  R27,HIGH(@0)
                 	ORI  R24,BYTE3(@0)
                 	ORI  R25,BYTE4(@0)
                 	.ENDM
                 
                 	.MACRO __DELAY_USB
                 	LDI  R24,LOW(@0)
                 __DELAY_USB_LOOP:
                 	DEC  R24
                 	BRNE __DELAY_USB_LOOP
                 	.ENDM
                 
                 	.MACRO __DELAY_USW
                 	LDI  R24,LOW(@0)
                 	LDI  R25,HIGH(@0)
                 __DELAY_USW_LOOP:
                 	SBIW R24,1
                 	BRNE __DELAY_USW_LOOP
                 	.ENDM
                 
                 	.MACRO __GETD1S
                 	LDD  R30,Y+@0
                 	LDD  R31,Y+@0+1
                 	LDD  R22,Y+@0+2
                 	LDD  R23,Y+@0+3
                 	.ENDM
                 
                 	.MACRO __GETD2S
                 	LDD  R26,Y+@0
                 	LDD  R27,Y+@0+1
                 	LDD  R24,Y+@0+2
                 	LDD  R25,Y+@0+3
                 	.ENDM
                 
                 	.MACRO __PUTD1S
                 	STD  Y+@0,R30
                 	STD  Y+@0+1,R31
                 	STD  Y+@0+2,R22
                 	STD  Y+@0+3,R23
                 	.ENDM
                 
                 	.MACRO __PUTD2S
                 	STD  Y+@0,R26
                 	STD  Y+@0+1,R27
                 	STD  Y+@0+2,R24
                 	STD  Y+@0+3,R25
                 	.ENDM
                 
                 	.MACRO __PUTDZ2
                 	STD  Z+@0,R26
                 	STD  Z+@0+1,R27
                 	STD  Z+@0+2,R24
                 	STD  Z+@0+3,R25
                 	.ENDM
                 
                 	.MACRO __CLRD1S
                 	STD  Y+@0,R30
                 	STD  Y+@0+1,R30
                 	STD  Y+@0+2,R30
                 	STD  Y+@0+3,R30
                 	.ENDM
                 
                 	.MACRO __POINTB1MN
                 	LDI  R30,LOW(@0+(@1))
                 	.ENDM
                 
                 	.MACRO __POINTW1MN
                 	LDI  R30,LOW(@0+(@1))
                 	LDI  R31,HIGH(@0+(@1))
                 	.ENDM
                 
                 	.MACRO __POINTD1M
                 	LDI  R30,LOW(@0)
                 	LDI  R31,HIGH(@0)
                 	LDI  R22,BYTE3(@0)
                 	LDI  R23,BYTE4(@0)
                 	.ENDM
                 
                 	.MACRO __POINTW1FN
                 	LDI  R30,LOW(2*@0+(@1))
                 	LDI  R31,HIGH(2*@0+(@1))
                 	.ENDM
                 
                 	.MACRO __POINTD1FN
                 	LDI  R30,LOW(2*@0+(@1))
                 	LDI  R31,HIGH(2*@0+(@1))
                 	LDI  R22,BYTE3(2*@0+(@1))
                 	LDI  R23,BYTE4(2*@0+(@1))
                 	.ENDM
                 
                 	.MACRO __POINTB2MN
                 	LDI  R26,LOW(@0+(@1))
                 	.ENDM
                 
                 	.MACRO __POINTW2MN
                 	LDI  R26,LOW(@0+(@1))
                 	LDI  R27,HIGH(@0+(@1))
                 	.ENDM
                 
                 	.MACRO __POINTBRM
                 	LDI  R@0,LOW(@1)
                 	.ENDM
                 
                 	.MACRO __POINTWRM
                 	LDI  R@0,LOW(@2)
                 	LDI  R@1,HIGH(@2)
                 	.ENDM
                 
                 	.MACRO __POINTBRMN
                 	LDI  R@0,LOW(@1+(@2))
                 	.ENDM
                 
                 	.MACRO __POINTWRMN
                 	LDI  R@0,LOW(@2+(@3))
                 	LDI  R@1,HIGH(@2+(@3))
                 	.ENDM
                 
                 	.MACRO __POINTWRFN
                 	LDI  R@0,LOW(@2*2+(@3))
                 	LDI  R@1,HIGH(@2*2+(@3))
                 	.ENDM
                 
                 	.MACRO __GETD1N
                 	LDI  R30,LOW(@0)
                 	LDI  R31,HIGH(@0)
                 	LDI  R22,BYTE3(@0)
                 	LDI  R23,BYTE4(@0)
                 	.ENDM
                 
                 	.MACRO __GETD2N
                 	LDI  R26,LOW(@0)
                 	LDI  R27,HIGH(@0)
                 	LDI  R24,BYTE3(@0)
                 	LDI  R25,BYTE4(@0)
                 	.ENDM
                 
                 	.MACRO __GETB1MN
                 	LDS  R30,@0+(@1)
                 	.ENDM
                 
                 	.MACRO __GETB1HMN
                 	LDS  R31,@0+(@1)
                 	.ENDM
                 
                 	.MACRO __GETW1MN
                 	LDS  R30,@0+(@1)
                 	LDS  R31,@0+(@1)+1
                 	.ENDM
                 
                 	.MACRO __GETD1MN
                 	LDS  R30,@0+(@1)
                 	LDS  R31,@0+(@1)+1
                 	LDS  R22,@0+(@1)+2
                 	LDS  R23,@0+(@1)+3
                 	.ENDM
                 
                 	.MACRO __GETBRMN
                 	LDS  R@0,@1+(@2)
                 	.ENDM
                 
                 	.MACRO __GETWRMN
                 	LDS  R@0,@2+(@3)
                 	LDS  R@1,@2+(@3)+1
                 	.ENDM
                 
                 	.MACRO __GETWRZ
                 	LDD  R@0,Z+@2
                 	LDD  R@1,Z+@2+1
                 	.ENDM
                 
                 	.MACRO __GETD2Z
                 	LDD  R26,Z+@0
                 	LDD  R27,Z+@0+1
                 	LDD  R24,Z+@0+2
                 	LDD  R25,Z+@0+3
                 	.ENDM
                 
                 	.MACRO __GETB2MN
                 	LDS  R26,@0+(@1)
                 	.ENDM
                 
                 	.MACRO __GETW2MN
                 	LDS  R26,@0+(@1)
                 	LDS  R27,@0+(@1)+1
                 	.ENDM
                 
                 	.MACRO __GETD2MN
                 	LDS  R26,@0+(@1)
                 	LDS  R27,@0+(@1)+1
                 	LDS  R24,@0+(@1)+2
                 	LDS  R25,@0+(@1)+3
                 	.ENDM
                 
                 	.MACRO __PUTB1MN
                 	STS  @0+(@1),R30
                 	.ENDM
                 
                 	.MACRO __PUTW1MN
                 	STS  @0+(@1),R30
                 	STS  @0+(@1)+1,R31
                 	.ENDM
                 
                 	.MACRO __PUTD1MN
                 	STS  @0+(@1),R30
                 	STS  @0+(@1)+1,R31
                 	STS  @0+(@1)+2,R22
                 	STS  @0+(@1)+3,R23
                 	.ENDM
                 
                 	.MACRO __PUTB1EN
                 	LDI  R26,LOW(@0+(@1))
                 	LDI  R27,HIGH(@0+(@1))
                 	CALL __EEPROMWRB
                 	.ENDM
                 
                 	.MACRO __PUTW1EN
                 	LDI  R26,LOW(@0+(@1))
                 	LDI  R27,HIGH(@0+(@1))
                 	CALL __EEPROMWRW
                 	.ENDM
                 
                 	.MACRO __PUTD1EN
                 	LDI  R26,LOW(@0+(@1))
                 	LDI  R27,HIGH(@0+(@1))
                 	CALL __EEPROMWRD
                 	.ENDM
                 
                 	.MACRO __PUTBR0MN
                 	STS  @0+(@1),R0
                 	.ENDM
                 
                 	.MACRO __PUTBMRN
                 	STS  @0+(@1),R@2
                 	.ENDM
                 
                 	.MACRO __PUTWMRN
                 	STS  @0+(@1),R@2
                 	STS  @0+(@1)+1,R@3
                 	.ENDM
                 
                 	.MACRO __PUTBZR
                 	STD  Z+@1,R@0
                 	.ENDM
                 
                 	.MACRO __PUTWZR
                 	STD  Z+@2,R@0
                 	STD  Z+@2+1,R@1
                 	.ENDM
                 
                 	.MACRO __GETW1R
                 	MOV  R30,R@0
                 	MOV  R31,R@1
                 	.ENDM
                 
                 	.MACRO __GETW2R
                 	MOV  R26,R@0
                 	MOV  R27,R@1
                 	.ENDM
                 
                 	.MACRO __GETWRN
                 	LDI  R@0,LOW(@2)
                 	LDI  R@1,HIGH(@2)
                 	.ENDM
                 
                 	.MACRO __PUTW1R
                 	MOV  R@0,R30
                 	MOV  R@1,R31
                 	.ENDM
                 
                 	.MACRO __PUTW2R
                 	MOV  R@0,R26
                 	MOV  R@1,R27
                 	.ENDM
                 
                 	.MACRO __ADDWRN
                 	SUBI R@0,LOW(-@2)
                 	SBCI R@1,HIGH(-@2)
                 	.ENDM
                 
                 	.MACRO __ADDWRR
                 	ADD  R@0,R@2
                 	ADC  R@1,R@3
                 	.ENDM
                 
                 	.MACRO __SUBWRN
                 	SUBI R@0,LOW(@2)
                 	SBCI R@1,HIGH(@2)
                 	.ENDM
                 
                 	.MACRO __SUBWRR
                 	SUB  R@0,R@2
                 	SBC  R@1,R@3
                 	.ENDM
                 
                 	.MACRO __ANDWRN
                 	ANDI R@0,LOW(@2)
                 	ANDI R@1,HIGH(@2)
                 	.ENDM
                 
                 	.MACRO __ANDWRR
                 	AND  R@0,R@2
                 	AND  R@1,R@3
                 	.ENDM
                 
                 	.MACRO __ORWRN
                 	ORI  R@0,LOW(@2)
                 	ORI  R@1,HIGH(@2)
                 	.ENDM
                 
                 	.MACRO __ORWRR
                 	OR   R@0,R@2
                 	OR   R@1,R@3
                 	.ENDM
                 
                 	.MACRO __EORWRR
                 	EOR  R@0,R@2
                 	EOR  R@1,R@3
                 	.ENDM
                 
                 	.MACRO __GETWRS
                 	LDD  R@0,Y+@2
                 	LDD  R@1,Y+@2+1
                 	.ENDM
                 
                 	.MACRO __PUTBSR
                 	STD  Y+@1,R@0
                 	.ENDM
                 
                 	.MACRO __PUTWSR
                 	STD  Y+@2,R@0
                 	STD  Y+@2+1,R@1
                 	.ENDM
                 
                 	.MACRO __MOVEWRR
                 	MOV  R@0,R@2
                 	MOV  R@1,R@3
                 	.ENDM
                 
                 	.MACRO __INWR
                 	IN   R@0,@2
                 	IN   R@1,@2+1
                 	.ENDM
                 
                 	.MACRO __OUTWR
                 	OUT  @2+1,R@1
                 	OUT  @2,R@0
                 	.ENDM
                 
                 	.MACRO __CALL1MN
                 	LDS  R30,@0+(@1)
                 	LDS  R31,@0+(@1)+1
                 	ICALL
                 	.ENDM
                 
                 	.MACRO __CALL1FN
                 	LDI  R30,LOW(2*@0+(@1))
                 	LDI  R31,HIGH(2*@0+(@1))
                 	CALL __GETW1PF
                 	ICALL
                 	.ENDM
                 
                 	.MACRO __CALL2EN
                 	LDI  R26,LOW(@0+(@1))
                 	LDI  R27,HIGH(@0+(@1))
                 	CALL __EEPROMRDW
                 	ICALL
                 	.ENDM
                 
                 	.MACRO __GETW1STACK
                 	IN   R26,SPL
                 	IN   R27,SPH
                 	ADIW R26,@0+1
                 	LD   R30,X+
                 	LD   R31,X
                 	.ENDM
                 
                 	.MACRO __GETD1STACK
                 	IN   R26,SPL
                 	IN   R27,SPH
                 	ADIW R26,@0+1
                 	LD   R30,X+
                 	LD   R31,X+
                 	LD   R22,X
                 	.ENDM
                 
                 	.MACRO __NBST
                 	BST  R@0,@1
                 	IN   R30,SREG
                 	LDI  R31,0x40
                 	EOR  R30,R31
                 	OUT  SREG,R30
                 	.ENDM
                 
                 
                 	.MACRO __PUTB1SN
                 	LDD  R26,Y+@0
                 	LDD  R27,Y+@0+1
                 	SUBI R26,LOW(-@1)
                 	SBCI R27,HIGH(-@1)
                 	ST   X,R30
                 	.ENDM
                 
                 	.MACRO __PUTW1SN
                 	LDD  R26,Y+@0
                 	LDD  R27,Y+@0+1
                 	SUBI R26,LOW(-@1)
                 	SBCI R27,HIGH(-@1)
                 	ST   X+,R30
                 	ST   X,R31
                 	.ENDM
                 
                 	.MACRO __PUTD1SN
                 	LDD  R26,Y+@0
                 	LDD  R27,Y+@0+1
                 	SUBI R26,LOW(-@1)
                 	SBCI R27,HIGH(-@1)
                 	CALL __PUTDP1
                 	.ENDM
                 
                 	.MACRO __PUTB1SNS
                 	LDD  R26,Y+@0
                 	LDD  R27,Y+@0+1
                 	ADIW R26,@1
                 	ST   X,R30
                 	.ENDM
                 
                 	.MACRO __PUTW1SNS
                 	LDD  R26,Y+@0
                 	LDD  R27,Y+@0+1
                 	ADIW R26,@1
                 	ST   X+,R30
                 	ST   X,R31
                 	.ENDM
                 
                 	.MACRO __PUTD1SNS
                 	LDD  R26,Y+@0
                 	LDD  R27,Y+@0+1
                 	ADIW R26,@1
                 	CALL __PUTDP1
                 	.ENDM
                 
                 	.MACRO __PUTB1PMN
                 	LDS  R26,@0
                 	LDS  R27,@0+1
                 	SUBI R26,LOW(-@1)
                 	SBCI R27,HIGH(-@1)
                 	ST   X,R30
                 	.ENDM
                 
                 	.MACRO __PUTW1PMN
                 	LDS  R26,@0
                 	LDS  R27,@0+1
                 	SUBI R26,LOW(-@1)
                 	SBCI R27,HIGH(-@1)
                 	ST   X+,R30
                 	ST   X,R31
                 	.ENDM
                 
                 	.MACRO __PUTD1PMN
                 	LDS  R26,@0
                 	LDS  R27,@0+1
                 	SUBI R26,LOW(-@1)
                 	SBCI R27,HIGH(-@1)
                 	CALL __PUTDP1
                 	.ENDM
                 
                 	.MACRO __PUTB1PMNS
                 	LDS  R26,@0
                 	LDS  R27,@0+1
                 	ADIW R26,@1
                 	ST   X,R30
                 	.ENDM
                 
                 	.MACRO __PUTW1PMNS
                 	LDS  R26,@0
                 	LDS  R27,@0+1
                 	ADIW R26,@1
                 	ST   X+,R30
                 	ST   X,R31
                 	.ENDM
                 
                 	.MACRO __PUTD1PMNS
                 	LDS  R26,@0
                 	LDS  R27,@0+1
                 	ADIW R26,@1
                 	CALL __PUTDP1
                 	.ENDM
                 
                 	.MACRO __PUTB1RN
                 	MOVW R26,R@0
                 	SUBI R26,LOW(-@1)
                 	SBCI R27,HIGH(-@1)
                 	ST   X,R30
                 	.ENDM
                 
                 	.MACRO __PUTW1RN
                 	MOVW R26,R@0
                 	SUBI R26,LOW(-@1)
                 	SBCI R27,HIGH(-@1)
                 	ST   X+,R30
                 	ST   X,R31
                 	.ENDM
                 
                 	.MACRO __PUTD1RN
                 	MOVW R26,R@0
                 	SUBI R26,LOW(-@1)
                 	SBCI R27,HIGH(-@1)
                 	CALL __PUTDP1
                 	.ENDM
                 
                 	.MACRO __PUTB1RNS
                 	MOVW R26,R@0
                 	ADIW R26,@1
                 	ST   X,R30
                 	.ENDM
                 
                 	.MACRO __PUTW1RNS
                 	MOVW R26,R@0
                 	ADIW R26,@1
                 	ST   X+,R30
                 	ST   X,R31
                 	.ENDM
                 
                 	.MACRO __PUTD1RNS
                 	MOVW R26,R@0
                 	ADIW R26,@1
                 	CALL __PUTDP1
                 	.ENDM
                 
                 	.MACRO __PUTB1RON
                 	MOV  R26,R@0
                 	MOV  R27,R@1
                 	SUBI R26,LOW(-@2)
                 	SBCI R27,HIGH(-@2)
                 	ST   X,R30
                 	.ENDM
                 
                 	.MACRO __PUTW1RON
                 	MOV  R26,R@0
                 	MOV  R27,R@1
                 	SUBI R26,LOW(-@2)
                 	SBCI R27,HIGH(-@2)
                 	ST   X+,R30
                 	ST   X,R31
                 	.ENDM
                 
                 	.MACRO __PUTD1RON
                 	MOV  R26,R@0
                 	MOV  R27,R@1
                 	SUBI R26,LOW(-@2)
                 	SBCI R27,HIGH(-@2)
                 	CALL __PUTDP1
                 	.ENDM
                 
                 	.MACRO __PUTB1RONS
                 	MOV  R26,R@0
                 	MOV  R27,R@1
                 	ADIW R26,@2
                 	ST   X,R30
                 	.ENDM
                 
                 	.MACRO __PUTW1RONS
                 	MOV  R26,R@0
                 	MOV  R27,R@1
                 	ADIW R26,@2
                 	ST   X+,R30
                 	ST   X,R31
                 	.ENDM
                 
                 	.MACRO __PUTD1RONS
                 	MOV  R26,R@0
                 	MOV  R27,R@1
                 	ADIW R26,@2
                 	CALL __PUTDP1
                 	.ENDM
                 
                 
                 	.MACRO __GETB1SX
                 	MOVW R30,R28
                 	SUBI R30,LOW(-@0)
                 	SBCI R31,HIGH(-@0)
                 	LD   R30,Z
                 	.ENDM
                 
                 	.MACRO __GETB1HSX
                 	MOVW R30,R28
                 	SUBI R30,LOW(-@0)
                 	SBCI R31,HIGH(-@0)
                 	LD   R31,Z
                 	.ENDM
                 
                 	.MACRO __GETW1SX
                 	MOVW R30,R28
                 	SUBI R30,LOW(-@0)
                 	SBCI R31,HIGH(-@0)
                 	LD   R0,Z+
                 	LD   R31,Z
                 	MOV  R30,R0
                 	.ENDM
                 
                 	.MACRO __GETD1SX
                 	MOVW R30,R28
                 	SUBI R30,LOW(-@0)
                 	SBCI R31,HIGH(-@0)
                 	LD   R0,Z+
                 	LD   R1,Z+
                 	LD   R22,Z+
                 	LD   R23,Z
                 	MOVW R30,R0
                 	.ENDM
                 
                 	.MACRO __GETB2SX
                 	MOVW R26,R28
                 	SUBI R26,LOW(-@0)
                 	SBCI R27,HIGH(-@0)
                 	LD   R26,X
                 	.ENDM
                 
                 	.MACRO __GETW2SX
                 	MOVW R26,R28
                 	SUBI R26,LOW(-@0)
                 	SBCI R27,HIGH(-@0)
                 	LD   R0,X+
                 	LD   R27,X
                 	MOV  R26,R0
                 	.ENDM
                 
                 	.MACRO __GETD2SX
                 	MOVW R26,R28
                 	SUBI R26,LOW(-@0)
                 	SBCI R27,HIGH(-@0)
                 	LD   R0,X+
                 	LD   R1,X+
                 	LD   R24,X+
                 	LD   R25,X
                 	MOVW R26,R0
                 	.ENDM
                 
                 	.MACRO __GETBRSX
                 	MOVW R30,R28
                 	SUBI R30,LOW(-@1)
                 	SBCI R31,HIGH(-@1)
                 	LD   R@0,Z
                 	.ENDM
                 
                 	.MACRO __GETWRSX
                 	MOVW R30,R28
                 	SUBI R30,LOW(-@2)
                 	SBCI R31,HIGH(-@2)
                 	LD   R@0,Z+
                 	LD   R@1,Z
                 	.ENDM
                 
                 	.MACRO __GETBRSX2
                 	MOVW R26,R28
                 	SUBI R26,LOW(-@1)
                 	SBCI R27,HIGH(-@1)
                 	LD   R@0,X
                 	.ENDM
                 
                 	.MACRO __GETWRSX2
                 	MOVW R26,R28
                 	SUBI R26,LOW(-@2)
                 	SBCI R27,HIGH(-@2)
                 	LD   R@0,X+
                 	LD   R@1,X
                 	.ENDM
                 
                 	.MACRO __LSLW8SX
                 	MOVW R30,R28
                 	SUBI R30,LOW(-@0)
                 	SBCI R31,HIGH(-@0)
                 	LD   R31,Z
                 	CLR  R30
                 	.ENDM
                 
                 	.MACRO __PUTB1SX
                 	MOVW R26,R28
                 	SUBI R26,LOW(-@0)
                 	SBCI R27,HIGH(-@0)
                 	ST   X,R30
                 	.ENDM
                 
                 	.MACRO __PUTW1SX
                 	MOVW R26,R28
                 	SUBI R26,LOW(-@0)
                 	SBCI R27,HIGH(-@0)
                 	ST   X+,R30
                 	ST   X,R31
                 	.ENDM
                 
                 	.MACRO __PUTD1SX
                 	MOVW R26,R28
                 	SUBI R26,LOW(-@0)
                 	SBCI R27,HIGH(-@0)
                 	ST   X+,R30
                 	ST   X+,R31
                 	ST   X+,R22
                 	ST   X,R23
                 	.ENDM
                 
                 	.MACRO __CLRW1SX
                 	MOVW R26,R28
                 	SUBI R26,LOW(-@0)
                 	SBCI R27,HIGH(-@0)
                 	ST   X+,R30
                 	ST   X,R30
                 	.ENDM
                 
                 	.MACRO __CLRD1SX
                 	MOVW R26,R28
                 	SUBI R26,LOW(-@0)
                 	SBCI R27,HIGH(-@0)
                 	ST   X+,R30
                 	ST   X+,R30
                 	ST   X+,R30
                 	ST   X,R30
                 	.ENDM
                 
                 	.MACRO __PUTB2SX
                 	MOVW R30,R28
                 	SUBI R30,LOW(-@0)
                 	SBCI R31,HIGH(-@0)
                 	ST   Z,R26
                 	.ENDM
                 
                 	.MACRO __PUTW2SX
                 	MOVW R30,R28
                 	SUBI R30,LOW(-@0)
                 	SBCI R31,HIGH(-@0)
                 	ST   Z+,R26
                 	ST   Z,R27
                 	.ENDM
                 
                 	.MACRO __PUTD2SX
                 	MOVW R30,R28
                 	SUBI R30,LOW(-@0)
                 	SBCI R31,HIGH(-@0)
                 	ST   Z+,R26
                 	ST   Z+,R27
                 	ST   Z+,R24
                 	ST   Z,R25
                 	.ENDM
                 
                 	.MACRO __PUTBSRX
                 	MOVW R30,R28
                 	SUBI R30,LOW(-@1)
                 	SBCI R31,HIGH(-@1)
                 	ST   Z,R@0
                 	.ENDM
                 
                 	.MACRO __PUTWSRX
                 	MOVW R30,R28
                 	SUBI R30,LOW(-@2)
                 	SBCI R31,HIGH(-@2)
                 	ST   Z+,R@0
                 	ST   Z,R@1
                 	.ENDM
                 
                 	.MACRO __PUTB1SNX
                 	MOVW R26,R28
                 	SUBI R26,LOW(-@0)
                 	SBCI R27,HIGH(-@0)
                 	LD   R0,X+
                 	LD   R27,X
                 	MOV  R26,R0
                 	SUBI R26,LOW(-@1)
                 	SBCI R27,HIGH(-@1)
                 	ST   X,R30
                 	.ENDM
                 
                 	.MACRO __PUTW1SNX
                 	MOVW R26,R28
                 	SUBI R26,LOW(-@0)
                 	SBCI R27,HIGH(-@0)
                 	LD   R0,X+
                 	LD   R27,X
                 	MOV  R26,R0
                 	SUBI R26,LOW(-@1)
                 	SBCI R27,HIGH(-@1)
                 	ST   X+,R30
                 	ST   X,R31
                 	.ENDM
                 
                 	.MACRO __PUTD1SNX
                 	MOVW R26,R28
                 	SUBI R26,LOW(-@0)
                 	SBCI R27,HIGH(-@0)
                 	LD   R0,X+
                 	LD   R27,X
                 	MOV  R26,R0
                 	SUBI R26,LOW(-@1)
                 	SBCI R27,HIGH(-@1)
                 	ST   X+,R30
                 	ST   X+,R31
                 	ST   X+,R22
                 	ST   X,R23
                 	.ENDM
                 
                 	.MACRO __MULBRR
                 	MULS R@0,R@1
                 	MOVW R30,R0
                 	.ENDM
                 
                 	.MACRO __MULBRRU
                 	MUL  R@0,R@1
                 	MOVW R30,R0
                 	.ENDM
                 
                 	.MACRO __MULBRR0
                 	MULS R@0,R@1
                 	.ENDM
                 
                 	.MACRO __MULBRRU0
                 	MUL  R@0,R@1
                 	.ENDM
                 
                 	.MACRO __MULBNWRU
                 	LDI  R26,@2
                 	MUL  R26,R@0
                 	MOVW R30,R0
                 	MUL  R26,R@1
                 	ADD  R31,R0
                 	.ENDM
                 
                 ;NAME DEFINITIONS FOR GLOBAL VARIABLES ALLOCATED TO REGISTERS
                 	.DEF _temp=R4
                 	.DEF _data=R3
                 	.DEF _NumB=R6
                 	.DEF _datakey=R5
                 	.DEF _rx_ok=R8
                 	.DEF _N_tout=R7
                 	.DEF _time=R9
                 	.DEF _normal_time=R11
                 	.DEF _N16=R13
                 
                 ;GPIOR0 INITIALIZATION VALUE
                 	.EQU __GPIOR0_INIT=0x00
                 
                 	.CSEG
                 	.ORG 0x00
                 
                 ;START OF CODE MARKER
                 __START_OF_CODE:
                 
                 ;INTERRUPT VECTORS
000000 940c 0042 	JMP  __RESET
000002 940c 0083 	JMP  _ext_int0_isr
000004 940c 0000 	JMP  0x00
000006 940c 0000 	JMP  0x00
000008 940c 0000 	JMP  0x00
00000a 940c 0000 	JMP  0x00
00000c 940c 0000 	JMP  0x00
00000e 940c 0000 	JMP  0x00
000010 940c 0000 	JMP  0x00
000012 940c 0000 	JMP  0x00
000014 940c 0000 	JMP  0x00
000016 940c 0000 	JMP  0x00
000018 940c 0000 	JMP  0x00
00001a 940c 00a4 	JMP  _timer1_ovf_isr
00001c 940c 0000 	JMP  0x00
00001e 940c 0000 	JMP  0x00
000020 940c 0000 	JMP  0x00
000022 940c 0000 	JMP  0x00
000024 940c 0000 	JMP  0x00
000026 940c 0000 	JMP  0x00
000028 940c 0000 	JMP  0x00
00002a 940c 0000 	JMP  0x00
00002c 940c 0000 	JMP  0x00
00002e 940c 0000 	JMP  0x00
000030 940c 0000 	JMP  0x00
000032 940c 0000 	JMP  0x00
                 
                 _tbl10_G100:
000034 2710
000035 03e8
000036 0064
000037 000a      	.DB  0x10,0x27,0xE8,0x3,0x64,0x0,0xA,0x0
000038 0001      	.DB  0x1,0x0
                 _tbl16_G100:
000039 1000
00003a 0100
00003b 0010
00003c 0001      	.DB  0x0,0x10,0x0,0x1,0x10,0x0,0x1,0x0
                 
                 _0x3:
00003d 0302      	.DB  LOW(_data16),HIGH(_data16)
                 
                 __GLOBAL_INI_TBL:
00003e 0002      	.DW  0x02
00003f 0304      	.DW  _data8
000040 007a      	.DW  _0x3*2
                 
                 _0xFFFFFFFF:
000041 0000      	.DW  0
                 
                 __RESET:
000042 94f8      	CLI
000043 27ee      	CLR  R30
000044 bbef      	OUT  EECR,R30
                 
                 ;INTERRUPT VECTORS ARE PLACED
                 ;AT THE START OF FLASH
000045 e0f1      	LDI  R31,1
000046 bff5      	OUT  MCUCR,R31
000047 bfe5      	OUT  MCUCR,R30
                 
                 ;DISABLE WATCHDOG
000048 e1f8      	LDI  R31,0x18
000049 95a8      	WDR
00004a b7a4      	IN   R26,MCUSR
00004b 7fa7      	CBR  R26,8
00004c bfa4      	OUT  MCUSR,R26
00004d 93f0 0060 	STS  WDTCSR,R31
00004f 93e0 0060 	STS  WDTCSR,R30
                 
                 ;CLEAR R2-R14
000051 e08d      	LDI  R24,(14-2)+1
000052 e0a2      	LDI  R26,2
000053 27bb      	CLR  R27
                 __CLEAR_REG:
000054 93ed      	ST   X+,R30
000055 958a      	DEC  R24
000056 f7e9      	BRNE __CLEAR_REG
                 
                 ;CLEAR SRAM
000057 e080      	LDI  R24,LOW(__CLEAR_SRAM_SIZE)
000058 e098      	LDI  R25,HIGH(__CLEAR_SRAM_SIZE)
000059 e0a0      	LDI  R26,LOW(__SRAM_START)
00005a e0b1      	LDI  R27,HIGH(__SRAM_START)
                 __CLEAR_SRAM:
00005b 93ed      	ST   X+,R30
00005c 9701      	SBIW R24,1
00005d f7e9      	BRNE __CLEAR_SRAM
                 
                 ;GLOBAL VARIABLES INITIALIZATION
00005e e7ec      	LDI  R30,LOW(__GLOBAL_INI_TBL*2)
00005f e0f0      	LDI  R31,HIGH(__GLOBAL_INI_TBL*2)
                 __GLOBAL_INI_NEXT:
000060 9185      	LPM  R24,Z+
000061 9195      	LPM  R25,Z+
000062 9700      	SBIW R24,0
000063 f061      	BREQ __GLOBAL_INI_END
000064 91a5      	LPM  R26,Z+
000065 91b5      	LPM  R27,Z+
000066 9005      	LPM  R0,Z+
000067 9015      	LPM  R1,Z+
000068 01bf      	MOVW R22,R30
000069 01f0      	MOVW R30,R0
                 __GLOBAL_INI_LOOP:
00006a 9005      	LPM  R0,Z+
00006b 920d      	ST   X+,R0
00006c 9701      	SBIW R24,1
00006d f7e1      	BRNE __GLOBAL_INI_LOOP
00006e 01fb      	MOVW R30,R22
00006f cff0      	RJMP __GLOBAL_INI_NEXT
                 __GLOBAL_INI_END:
                 
                 ;GPIOR0 INITIALIZATION
000070 e0e0      	LDI  R30,__GPIOR0_INIT
000071 bbee      	OUT  GPIOR0,R30
                 
                 ;HARDWARE STACK POINTER INITIALIZATION
000072 efef      	LDI  R30,LOW(__SRAM_END-__HEAP_SIZE)
000073 bfed      	OUT  SPL,R30
000074 e0e8      	LDI  R30,HIGH(__SRAM_END-__HEAP_SIZE)
000075 bfee      	OUT  SPH,R30
                 
                 ;DATA STACK POINTER INITIALIZATION
000076 e0c0      	LDI  R28,LOW(__SRAM_START+__DSTACK_SIZE)
000077 e0d3      	LDI  R29,HIGH(__SRAM_START+__DSTACK_SIZE)
                 
000078 940c 00c3 	JMP  _main
                 
                 	.ESEG
                 	.ORG 0
                 
                 	.DSEG
                 	.ORG 0x300
                 
                 	.CSEG
                 ;/*****************************************************
                 ;This program was produced by the
                 ;CodeWizardAVR V2.05.0 Professional
                 ;Automatic Program Generator
                 ;© Copyright 1998-2010 Pavel Haiduc, HP InfoTech s.r.l.
                 ;http://www.hpinfotech.com
                 ;
                 ;Project :
                 ;Version :
                 ;Date    : 19.03.2015
                 ;Author  : Engi
                 ;Company :
                 ;Comments:
                 ;
                 ;
                 ;Chip type               : ATmega328P
                 ;Program type            : Application
                 ;AVR Core Clock frequency: 16,000000 MHz
                 ;Memory model            : Small
                 ;External RAM size       : 0
                 ;Data Stack size         : 512
                 ;*****************************************************/
                 ;
                 ;#include <mega328p.h>
                 	#ifndef __SLEEP_DEFINED__
                 	#define __SLEEP_DEFINED__
                 	.EQU __se_bit=0x01
                 	.EQU __sm_mask=0x0E
                 	.EQU __sm_adc_noise_red=0x02
                 	.EQU __sm_powerdown=0x04
                 	.EQU __sm_powersave=0x06
                 	.EQU __sm_standby=0x0C
                 	.EQU __sm_ext_standby=0x0E
                 	.SET power_ctrl_reg=smcr
                 	#endif
                 ;#include <stdio.h>
                 ;#include <delay.h>
                 ;#include <string.h>
                 ;#define BYTE unsigned char
                 ;#define Noprosov 20
                 ;
                 ;BYTE temp,data,NumB,datakey,rx_ok,N_tout;
                 ;
                 ;unsigned int time,normal_time,N16,min_time;
                 ;unsigned int data16,adres16;
                 ;BYTE* data8 = (BYTE*)&data16;
                 
                 	.DSEG
                 ;BYTE buf[30];
                 ;bit flag,facsP,facsM;
                 ;
                 ;//******************-=< Отправить байт >=-**********************
                 ;void tx(BYTE data)
                 ; 0000 0029     {
                 
                 	.CSEG
                 _tx:
                 ; 0000 002A     while (!((UCSR0A)&(0b00100000)))
                 ;	data -> Y+0
                 _0x4:
00007a 91e0 00c0 	LDS  R30,192
00007c 72e0      	ANDI R30,LOW(0x20)
00007d f3e1      	BREQ _0x4
                 ; 0000 002B     {
                 ; 0000 002C     };
                 ; 0000 002D     UDR0=data;
00007e 81e8      	LD   R30,Y
00007f 93e0 00c6 	STS  198,R30
                 ; 0000 002E     }
000081 9621      	ADIW R28,1
000082 9508      	RET
                 ;//******************-=< Отправить набор байт >=-**********************
                 ;void send(char *datam)
                 ; 0000 0031     {BYTE P,K;
                 ; 0000 0032     K=strlen(datam);
                 ;	*datam -> Y+2
                 ;	P -> R17
                 ;	K -> R16
                 ; 0000 0033     for (P=0;P<K;P++)
                 ; 0000 0034         {
                 ; 0000 0035         tx(datam[P]);
                 ; 0000 0036         };
                 ; 0000 0037     }
                 ;// External Interrupt 0 service routine
                 ;interrupt [EXT_INT0] void ext_int0_isr(void)
                 ; 0000 003A     {
                 _ext_int0_isr:
000083 93aa      	ST   -Y,R26
000084 93ba      	ST   -Y,R27
000085 93ea      	ST   -Y,R30
000086 b7ef      	IN   R30,SREG
000087 93ea      	ST   -Y,R30
                 ; 0000 003B     if (flag==0)
000088 99f0      	SBIC 0x1E,0
000089 c013      	RJMP _0xA
                 ; 0000 003C         {data8[0]=TCNT1L;
00008a 91e0 0084 	LDS  R30,132
00008c 91a0 0304 	LDS  R26,_data8
00008e 91b0 0305 	LDS  R27,_data8+1
000090 93ec      	ST   X,R30
                 ; 0000 003D         data8[1]=TCNT1H;
000091 91e0 0085 	LDS  R30,133
                +
000093 91a0 0304+LDS R26 , _data8
000095 91b0 0305+LDS R27 , _data8 + 1
000097 9611     +ADIW R26 , 1
000098 93ec     +ST X , R30
                 	__PUTB1PMNS _data8,1
                 ; 0000 003E         time=data16;};
                +
000099 9090 0302+LDS R9 , 0 + ( _data16 )
00009b 90a0 0303+LDS R10 , 0 + ( _data16 ) + 1
                 	__GETWRMN 9,10,0,_data16
                 _0xA:
                 ; 0000 003F     flag=1;
00009d 9af0      	SBI  0x1E,0
                 ; 0000 0040     }
00009e 91e9      	LD   R30,Y+
00009f bfef      	OUT  SREG,R30
0000a0 91e9      	LD   R30,Y+
0000a1 91b9      	LD   R27,Y+
0000a2 91a9      	LD   R26,Y+
0000a3 9518      	RETI
                 ;
                 ;// Timer1 overflow interrupt service routine
                 ;interrupt [TIM1_OVF] void timer1_ovf_isr(void)
                 ; 0000 0044     {
                 _timer1_ovf_isr:
0000a4 93ea      	ST   -Y,R30
0000a5 93fa      	ST   -Y,R31
                 ; 0000 0045     time=65535;
0000a6 efef      	LDI  R30,LOW(65535)
0000a7 efff      	LDI  R31,HIGH(65535)
                +
0000a8 2e9e     +MOV R9 , R30
0000a9 2eaf     +MOV R10 , R31
                 	__PUTW1R 9,10
                 ; 0000 0046     flag=1;
0000aa 9af0      	SBI  0x1E,0
                 ; 0000 0047     }
0000ab 91f9      	LD   R31,Y+
0000ac 91e9      	LD   R30,Y+
0000ad 9518      	RETI
                 ;
                 ;
                 ;// Standard Input/Output functions
                 ;#include <stdio.h>
                 ;
                 ;//******************-=< Функции >=-**********************
                 ;//******************-=< Получить время >=-**********************
                 ;unsigned int time_touch(void)
                 ; 0000 0050     {
                 _time_touch:
                 ; 0000 0051     TCNT1H=0x00;
0000ae 940e 0192 	CALL SUBOPT_0x0
                 ; 0000 0052     TCNT1L=0x00;
                 ; 0000 0053     flag=0;
0000b0 98f0      	CBI  0x1E,0
                 ; 0000 0054     TCCR1B=0x02;
0000b1 e0e2      	LDI  R30,LOW(2)
0000b2 93e0 0081 	STS  129,R30
                 ; 0000 0055     TCNT1H=0x00;
0000b4 940e 0192 	CALL SUBOPT_0x0
                 ; 0000 0056     TCNT1L=0x00;
                 ; 0000 0057     DDRD=0b00001000;     // выходной пин на вывод   сенсорный пин на ввод
0000b6 e0e8      	LDI  R30,LOW(8)
0000b7 b9ea      	OUT  0xA,R30
                 ; 0000 0058     PORTD.3=1;    // поехали
0000b8 9a5b      	SBI  0xB,3
                 ; 0000 0059     while (flag==0) {};
                 _0x13:
0000b9 9bf0      	SBIS 0x1E,0
0000ba cffe      	RJMP _0x13
                 ; 0000 005A     TCCR1B=0x00;
0000bb e0e0      	LDI  R30,LOW(0)
0000bc 93e0 0081 	STS  129,R30
                 ; 0000 005B     DDRD.2=1;  // разрядить конденсатор
0000be 9a52      	SBI  0xA,2
                 ; 0000 005C     PORTD.3=0;    // выходной пин на ноль
0000bf 985b      	CBI  0xB,3
                 ; 0000 005D     return time;
                +
0000c0 2de9     +MOV R30 , R9
0000c1 2dfa     +MOV R31 , R10
                 	__GETW1R 9,10
0000c2 9508      	RET
                 ; 0000 005E     }
                 ;
                 ;
                 ;
                 ;void main(void)
                 ; 0000 0063 {
                 _main:
                 ; 0000 0064 // Declare your local variables here
                 ; 0000 0065 
                 ; 0000 0066 // Crystal Oscillator division factor: 1
                 ; 0000 0067 #pragma optsize-
                 ; 0000 0068 CLKPR=0x80;
0000c3 e8e0      	LDI  R30,LOW(128)
0000c4 93e0 0061 	STS  97,R30
                 ; 0000 0069 CLKPR=0x00;
0000c6 e0e0      	LDI  R30,LOW(0)
0000c7 93e0 0061 	STS  97,R30
                 ; 0000 006A #ifdef _OPTIMIZE_SIZE_
                 ; 0000 006B #pragma optsize+
                 ; 0000 006C #endif
                 ; 0000 006D 
                 ; 0000 006E // Input/Output Ports initialization
                 ; 0000 006F // Port B initialization
                 ; 0000 0070 // Func7=In Func6=In Func5=In Func4=In Func3=In Func2=In Func1=In Func0=In
                 ; 0000 0071 // State7=T State6=T State5=T State4=T State3=T State2=T State1=T State0=T
                 ; 0000 0072 PORTB=0x00;
0000c9 b9e5      	OUT  0x5,R30
                 ; 0000 0073 DDRB=0x00;
0000ca b9e4      	OUT  0x4,R30
                 ; 0000 0074 
                 ; 0000 0075 // Port C initialization
                 ; 0000 0076 // Func6=In Func5=In Func4=In Func3=In Func2=In Func1=In Func0=In
                 ; 0000 0077 // State6=T State5=T State4=T State3=T State2=T State1=T State0=T
                 ; 0000 0078 PORTC=0x00;
0000cb b9e8      	OUT  0x8,R30
                 ; 0000 0079 DDRC=0x00;
0000cc b9e7      	OUT  0x7,R30
                 ; 0000 007A 
                 ; 0000 007B // Port D initialization
                 ; 0000 007C // Func7=In Func6=In Func5=In Func4=In Func3=In Func2=In Func1=In Func0=In
                 ; 0000 007D // State7=T State6=T State5=T State4=T State3=T State2=T State1=T State0=T
                 ; 0000 007E PORTD=0b00000000;
0000cd b9eb      	OUT  0xB,R30
                 ; 0000 007F DDRD=0b00001000;
0000ce e0e8      	LDI  R30,LOW(8)
0000cf b9ea      	OUT  0xA,R30
                 ; 0000 0080 
                 ; 0000 0081 // Timer/Counter 0 initialization
                 ; 0000 0082 // Clock source: System Clock
                 ; 0000 0083 // Clock value: 16000,000 kHz
                 ; 0000 0084 // Mode: Normal top=0xFF
                 ; 0000 0085 // OC0A output: Disconnected
                 ; 0000 0086 // OC0B output: Disconnected
                 ; 0000 0087 TCCR0A=0x00;
0000d0 e0e0      	LDI  R30,LOW(0)
0000d1 bde4      	OUT  0x24,R30
                 ; 0000 0088 TCCR0B=0x01;
0000d2 e0e1      	LDI  R30,LOW(1)
0000d3 bde5      	OUT  0x25,R30
                 ; 0000 0089 TCNT0=0x00;
0000d4 e0e0      	LDI  R30,LOW(0)
0000d5 bde6      	OUT  0x26,R30
                 ; 0000 008A OCR0A=0x00;
0000d6 bde7      	OUT  0x27,R30
                 ; 0000 008B OCR0B=0x00;
0000d7 bde8      	OUT  0x28,R30
                 ; 0000 008C 
                 ; 0000 008D // Timer/Counter 1 initialization
                 ; 0000 008E // Clock source: System Clock
                 ; 0000 008F // Clock value: Timer1 Stopped
                 ; 0000 0090 // Mode: Normal top=0xFFFF
                 ; 0000 0091 // OC1A output: Discon.
                 ; 0000 0092 // OC1B output: Discon.
                 ; 0000 0093 // Noise Canceler: Off
                 ; 0000 0094 // Input Capture on Falling Edge
                 ; 0000 0095 // Timer1 Overflow Interrupt: Off
                 ; 0000 0096 // Input Capture Interrupt: Off
                 ; 0000 0097 // Compare A Match Interrupt: Off
                 ; 0000 0098 // Compare B Match Interrupt: Off
                 ; 0000 0099 TCCR1A=0x00;
0000d8 93e0 0080 	STS  128,R30
                 ; 0000 009A TCCR1B=0x00;
0000da 93e0 0081 	STS  129,R30
                 ; 0000 009B TCNT1H=0x00;
0000dc 940e 0192 	CALL SUBOPT_0x0
                 ; 0000 009C TCNT1L=0x00;
                 ; 0000 009D ICR1H=0x00;
0000de e0e0      	LDI  R30,LOW(0)
0000df 93e0 0087 	STS  135,R30
                 ; 0000 009E ICR1L=0x00;
0000e1 93e0 0086 	STS  134,R30
                 ; 0000 009F OCR1AH=0x00;
0000e3 93e0 0089 	STS  137,R30
                 ; 0000 00A0 OCR1AL=0x00;
0000e5 93e0 0088 	STS  136,R30
                 ; 0000 00A1 OCR1BH=0x00;
0000e7 93e0 008b 	STS  139,R30
                 ; 0000 00A2 OCR1BL=0x00;
0000e9 93e0 008a 	STS  138,R30
                 ; 0000 00A3 
                 ; 0000 00A4 // Timer/Counter 2 initialization
                 ; 0000 00A5 // Clock source: System Clock
                 ; 0000 00A6 // Clock value: Timer2 Stopped
                 ; 0000 00A7 // Mode: Normal top=0xFF
                 ; 0000 00A8 // OC2A output: Disconnected
                 ; 0000 00A9 // OC2B output: Disconnected
                 ; 0000 00AA ASSR=0x00;
0000eb 93e0 00b6 	STS  182,R30
                 ; 0000 00AB TCCR2A=0x00;
0000ed 93e0 00b0 	STS  176,R30
                 ; 0000 00AC TCCR2B=0x00;
0000ef 93e0 00b1 	STS  177,R30
                 ; 0000 00AD TCNT2=0x00;
0000f1 93e0 00b2 	STS  178,R30
                 ; 0000 00AE OCR2A=0x00;
0000f3 93e0 00b3 	STS  179,R30
                 ; 0000 00AF OCR2B=0x00;
0000f5 93e0 00b4 	STS  180,R30
                 ; 0000 00B0 
                 ; 0000 00B1 // External Interrupt(s) initialization
                 ; 0000 00B2 // INT0: On
                 ; 0000 00B3 // INT0 Mode: Rising Edge
                 ; 0000 00B4 // INT1: Off
                 ; 0000 00B5 // Interrupt on any change on pins PCINT0-7: Off
                 ; 0000 00B6 // Interrupt on any change on pins PCINT8-14: Off
                 ; 0000 00B7 // Interrupt on any change on pins PCINT16-23: Off
                 ; 0000 00B8 EICRA=0x03;
0000f7 e0e3      	LDI  R30,LOW(3)
0000f8 93e0 0069 	STS  105,R30
                 ; 0000 00B9 EIMSK=0x01;
0000fa e0e1      	LDI  R30,LOW(1)
0000fb bbed      	OUT  0x1D,R30
                 ; 0000 00BA EIFR=0x01;
0000fc bbec      	OUT  0x1C,R30
                 ; 0000 00BB PCICR=0x00;
0000fd e0e0      	LDI  R30,LOW(0)
0000fe 93e0 0068 	STS  104,R30
                 ; 0000 00BC 
                 ; 0000 00BD // Timer/Counter 0 Interrupt(s) initialization
                 ; 0000 00BE TIMSK0=0x00;
000100 93e0 006e 	STS  110,R30
                 ; 0000 00BF 
                 ; 0000 00C0 // Timer/Counter 1 Interrupt(s) initialization
                 ; 0000 00C1 TIMSK1=0x01;
000102 e0e1      	LDI  R30,LOW(1)
000103 93e0 006f 	STS  111,R30
                 ; 0000 00C2 
                 ; 0000 00C3 // Timer/Counter 2 Interrupt(s) initialization
                 ; 0000 00C4 TIMSK2=0x00;
000105 e0e0      	LDI  R30,LOW(0)
000106 93e0 0070 	STS  112,R30
                 ; 0000 00C5 
                 ; 0000 00C6 // USART initialization
                 ; 0000 00C7 // Communication Parameters: 8 Data, 1 Stop, No Parity
                 ; 0000 00C8 // USART Receiver: Off
                 ; 0000 00C9 // USART Transmitter: On
                 ; 0000 00CA // USART0 Mode: Asynchronous
                 ; 0000 00CB // USART Baud Rate: 9600
                 ; 0000 00CC UCSR0A=0x00;
000108 93e0 00c0 	STS  192,R30
                 ; 0000 00CD UCSR0B=0x08;
00010a e0e8      	LDI  R30,LOW(8)
00010b 93e0 00c1 	STS  193,R30
                 ; 0000 00CE UCSR0C=0x06;
00010d e0e6      	LDI  R30,LOW(6)
00010e 93e0 00c2 	STS  194,R30
                 ; 0000 00CF UBRR0H=0x00;
000110 e0e0      	LDI  R30,LOW(0)
000111 93e0 00c5 	STS  197,R30
                 ; 0000 00D0 UBRR0L=0x67;
000113 e6e7      	LDI  R30,LOW(103)
000114 93e0 00c4 	STS  196,R30
                 ; 0000 00D1 
                 ; 0000 00D2 // Analog Comparator initialization
                 ; 0000 00D3 // Analog Comparator: Off
                 ; 0000 00D4 // Analog Comparator Input Capture by Timer/Counter 1: Off
                 ; 0000 00D5 ACSR=0x80;
000116 e8e0      	LDI  R30,LOW(128)
000117 bfe0      	OUT  0x30,R30
                 ; 0000 00D6 ADCSRB=0x00;
000118 e0e0      	LDI  R30,LOW(0)
000119 93e0 007b 	STS  123,R30
                 ; 0000 00D7 DIDR1=0x00;
00011b 93e0 007f 	STS  127,R30
                 ; 0000 00D8 
                 ; 0000 00D9 // ADC initialization
                 ; 0000 00DA // ADC disabled
                 ; 0000 00DB ADCSRA=0x00;
00011d 93e0 007a 	STS  122,R30
                 ; 0000 00DC 
                 ; 0000 00DD // SPI initialization
                 ; 0000 00DE // SPI disabled
                 ; 0000 00DF SPCR=0x00;
00011f bdec      	OUT  0x2C,R30
                 ; 0000 00E0 
                 ; 0000 00E1 // TWI initialization
                 ; 0000 00E2 // TWI disabled
                 ; 0000 00E3 TWCR=0x00;
000120 93e0 00bc 	STS  188,R30
                 ; 0000 00E4 
                 ; 0000 00E5 // Global enable interrupts
                 ; 0000 00E6 #asm("sei")
000122 9478      	sei
                 ; 0000 00E7 N16=350;
000123 e5ee      	LDI  R30,LOW(350)
000124 e0f1      	LDI  R31,HIGH(350)
                +
000125 2ede     +MOV R13 , R30
000126 2eef     +MOV R14 , R31
                 	__PUTW1R 13,14
                 ; 0000 00E8 min_time=0xFFFF;
000127 940e 0198 	CALL SUBOPT_0x1
                 ; 0000 00E9 normal_time=time_touch();
000129 df84      	RCALL _time_touch
                +
00012a 2ebe     +MOV R11 , R30
00012b 2ecf     +MOV R12 , R31
                 	__PUTW1R 11,12
                 ; 0000 00EA normal_time=normal_time*21/20;
                +
00012c 2deb     +MOV R30 , R11
00012d 2dfc     +MOV R31 , R12
                 	__GETW1R 11,12
00012e e1a5      	LDI  R26,LOW(21)
00012f e0b0      	LDI  R27,HIGH(21)
000130 940e 01ab 	CALL __MULW12U
000132 01df      	MOVW R26,R30
000133 e1e4      	LDI  R30,LOW(20)
000134 e0f0      	LDI  R31,HIGH(20)
000135 940e 01b3 	CALL __DIVW21U
                +
000137 2ebe     +MOV R11 , R30
000138 2ecf     +MOV R12 , R31
                 	__PUTW1R 11,12
                 ; 0000 00EB delay_ms(200);
000139 ece8      	LDI  R30,LOW(200)
00013a e0f0      	LDI  R31,HIGH(200)
00013b 93fa      	ST   -Y,R31
00013c 93ea      	ST   -Y,R30
00013d 940e 019f 	CALL _delay_ms
                 ; 0000 00EC DDRB.5=1;
00013f 9a25      	SBI  0x4,5
                 ; 0000 00ED while (1)
                 _0x1C:
                 ; 0000 00EE     {
                 ; 0000 00EF     data16=time_touch();
000140 df6d      	RCALL _time_touch
000141 93e0 0302 	STS  _data16,R30
000143 93f0 0303 	STS  _data16+1,R31
                 ; 0000 00F0     delay_ms(1000/Noprosov);           // 20 раз в секунду
000145 e3e2      	LDI  R30,LOW(50)
000146 e0f0      	LDI  R31,HIGH(50)
000147 93fa      	ST   -Y,R31
000148 93ea      	ST   -Y,R30
000149 940e 019f 	CALL _delay_ms
                 ; 0000 00F1     tx(data8[1]);
00014b 91e0 0304 	LDS  R30,_data8
00014d 91f0 0305 	LDS  R31,_data8+1
00014f 81e1      	LDD  R30,Z+1
000150 93ea      	ST   -Y,R30
000151 df28      	RCALL _tx
                 ; 0000 00F2     tx(data8[0]);
000152 91a0 0304 	LDS  R26,_data8
000154 91b0 0305 	LDS  R27,_data8+1
000156 91ec      	LD   R30,X
000157 93ea      	ST   -Y,R30
000158 df21      	RCALL _tx
                 ; 0000 00F3     if (data16>normal_time)
000159 91a0 0302 	LDS  R26,_data16
00015b 91b0 0303 	LDS  R27,_data16+1
00015d 16ba      	CP   R11,R26
00015e 06cb      	CPC  R12,R27
00015f f450      	BRSH _0x1F
                 ; 0000 00F4         {
                 ; 0000 00F5         // кнопка нажата
                 ; 0000 00F6         if (N_tout==0)           // если первое нажатие
000160 2077      	TST  R7
000161 f429      	BRNE _0x20
                 ; 0000 00F7             {
                 ; 0000 00F8             if (PORTB.5==1) {PORTB.5=0;}
000162 9b2d      	SBIS 0x5,5
000163 c002      	RJMP _0x21
000164 982d      	CBI  0x5,5
                 ; 0000 00F9             else  {PORTB.5=1;}
000165 c001      	RJMP _0x24
                 _0x21:
000166 9a2d      	SBI  0x5,5
                 _0x24:
                 ; 0000 00FA             };
                 _0x20:
                 ; 0000 00FB         N_tout=Noprosov;        // таймаут секунду
000167 e1e4      	LDI  R30,LOW(20)
000168 2e7e      	MOV  R7,R30
                 ; 0000 00FC         }
                 ; 0000 00FD     else
000169 c003      	RJMP _0x27
                 _0x1F:
                 ; 0000 00FE         {
                 ; 0000 00FF         if (N_tout!=0) {N_tout--;};
00016a 2077      	TST  R7
00016b f009      	BREQ _0x28
00016c 947a      	DEC  R7
                 _0x28:
                 ; 0000 0100         }
                 _0x27:
                 ; 0000 0101     N16++;
00016d e0e1      	LDI  R30,LOW(1)
00016e e0f0      	LDI  R31,HIGH(1)
                +
00016f 0ede     +ADD R13 , R30
000170 1eef     +ADC R14 , R31
                 	__ADDWRR 13,14,30,31
                 ; 0000 0102     if (min_time>data16)
000171 91e0 0302 	LDS  R30,_data16
000173 91f0 0303 	LDS  R31,_data16+1
000175 91a0 0300 	LDS  R26,_min_time
000177 91b0 0301 	LDS  R27,_min_time+1
000179 17ea      	CP   R30,R26
00017a 07fb      	CPC  R31,R27
00017b f420      	BRSH _0x29
                 ; 0000 0103         {min_time=data16;
00017c 93e0 0300 	STS  _min_time,R30
00017e 93f0 0301 	STS  _min_time+1,R31
                 ; 0000 0104         };
                 _0x29:
                 ; 0000 0105 
                 ; 0000 0106     if (N16>400)
000180 e9e0      	LDI  R30,LOW(400)
000181 e0f1      	LDI  R31,HIGH(400)
000182 15ed      	CP   R30,R13
000183 05fe      	CPC  R31,R14
000184 f458      	BRSH _0x2A
                 ; 0000 0107         {normal_time=min_time+25;
000185 91e0 0300 	LDS  R30,_min_time
000187 91f0 0301 	LDS  R31,_min_time+1
000189 9679      	ADIW R30,25
                +
00018a 2ebe     +MOV R11 , R30
00018b 2ecf     +MOV R12 , R31
                 	__PUTW1R 11,12
                 ; 0000 0108         min_time=0xFFFF;
00018c 940e 0198 	CALL SUBOPT_0x1
                 ; 0000 0109         N16=0;
00018e 24dd      	CLR  R13
00018f 24ee      	CLR  R14
                 ; 0000 010A         };
                 _0x2A:
                 ; 0000 010B 
                 ; 0000 010C     }
000190 cfaf      	RJMP _0x1C
                 ; 0000 010D }
                 _0x2B:
000191 cfff      	RJMP _0x2B
                 	#ifndef __SLEEP_DEFINED__
                 	#endif
                 
                 	.CSEG
                 
                 	.CSEG
                 
                 	.CSEG
                 
                 	.DSEG
                 _min_time:
000300           	.BYTE 0x2
                 _data16:
000302           	.BYTE 0x2
                 _data8:
000304           	.BYTE 0x2
                 
                 	.CSEG
                 ;OPTIMIZER ADDED SUBROUTINE, CALLED 3 TIMES, CODE SIZE REDUCTION:5 WORDS
                 SUBOPT_0x0:
000192 e0e0      	LDI  R30,LOW(0)
000193 93e0 0085 	STS  133,R30
000195 93e0 0084 	STS  132,R30
000197 9508      	RET
                 
                 ;OPTIMIZER ADDED SUBROUTINE, CALLED 2 TIMES, CODE SIZE REDUCTION:1 WORDS
                 SUBOPT_0x1:
000198 efef      	LDI  R30,LOW(65535)
000199 efff      	LDI  R31,HIGH(65535)
00019a 93e0 0300 	STS  _min_time,R30
00019c 93f0 0301 	STS  _min_time+1,R31
00019e 9508      	RET
                 
                 
                 	.CSEG
                 _delay_ms:
00019f 91e9      	ld   r30,y+
0001a0 91f9      	ld   r31,y+
0001a1 9630      	adiw r30,0
0001a2 f039      	breq __delay_ms1
                 __delay_ms0:
                +
0001a3 ea80     +LDI R24 , LOW ( 0xFA0 )
0001a4 e09f     +LDI R25 , HIGH ( 0xFA0 )
                +__DELAY_USW_LOOP :
0001a5 9701     +SBIW R24 , 1
0001a6 f7f1     +BRNE __DELAY_USW_LOOP
                 	__DELAY_USW 0xFA0
0001a7 95a8      	wdr
0001a8 9731      	sbiw r30,1
0001a9 f7c9      	brne __delay_ms0
                 __delay_ms1:
0001aa 9508      	ret
                 
                 __MULW12U:
0001ab 9ffa      	MUL  R31,R26
0001ac 2df0      	MOV  R31,R0
0001ad 9feb      	MUL  R30,R27
0001ae 0df0      	ADD  R31,R0
0001af 9fea      	MUL  R30,R26
0001b0 2de0      	MOV  R30,R0
0001b1 0df1      	ADD  R31,R1
0001b2 9508      	RET
                 
                 __DIVW21U:
0001b3 2400      	CLR  R0
0001b4 2411      	CLR  R1
0001b5 e190      	LDI  R25,16
                 __DIVW21U1:
0001b6 0faa      	LSL  R26
0001b7 1fbb      	ROL  R27
0001b8 1c00      	ROL  R0
0001b9 1c11      	ROL  R1
0001ba 1a0e      	SUB  R0,R30
0001bb 0a1f      	SBC  R1,R31
0001bc f418      	BRCC __DIVW21U2
0001bd 0e0e      	ADD  R0,R30
0001be 1e1f      	ADC  R1,R31
0001bf c001      	RJMP __DIVW21U3
                 __DIVW21U2:
0001c0 60a1      	SBR  R26,1
                 __DIVW21U3:
0001c1 959a      	DEC  R25
0001c2 f799      	BRNE __DIVW21U1
0001c3 01fd      	MOVW R30,R26
0001c4 01d0      	MOVW R26,R0
0001c5 9508      	RET
                 
                 ;END OF CODE MARKER
                 __END_OF_CODE:


RESOURCE USE INFORMATION
------------------------

Notice:
The register and instruction counts are symbol table hit counts,
and hence implicitly used resources are not counted, eg, the
'lpm' instruction without operands implicitly uses r0 and z,
none of which are counted.

x,y,z are separate entities in the symbol table and are
counted separately from r26..r31 here.

.dseg memory usage only counts static data declared with .byte

ATmega328P register use summary:
r0 :  12 r1 :   6 r2 :   0 r3 :   0 r4 :   0 r5 :   0 r6 :   0 r7 :   4 
r8 :   0 r9 :   3 r10:   3 r11:   5 r12:   5 r13:   4 r14:   4 r15:   0 
r16:   0 r17:   0 r18:   0 r19:   0 r20:   0 r21:   0 r22:   2 r23:   0 
r24:   9 r25:   5 r26:  24 r27:  15 r28:   2 r29:   1 r30: 147 r31:  40 
x  :   6 y  :  21 z  :   8 
Registers used: 21 out of 35 (60.0%)

ATmega328P instruction use summary:
.lds  :   0 .lds.l:   0 .sts  :   0 .sts.l:   0 adc   :   2 add   :   4 
adiw  :   4 and   :   0 andi  :   1 asr   :   0 bclr  :   0 bld   :   0 
brbc  :   0 brbs  :   0 brcc  :   1 brcs  :   0 break :   0 breq  :   4 
brge  :   0 brhc  :   0 brhs  :   0 brid  :   0 brie  :   0 brlo  :   0 
brlt  :   0 brmi  :   0 brne  :   7 brpl  :   0 brsh  :   3 brtc  :   0 
brts  :   0 brvc  :   0 brvs  :   0 bset  :   0 bst   :   0 call  :   9 
cbi   :   3 cbr   :   1 clc   :   0 clh   :   0 cli   :   1 cln   :   0 
clr   :   6 cls   :   0 clt   :   0 clv   :   0 clz   :   0 com   :   0 
cp    :   3 cpc   :   3 cpi   :   0 cpse  :   0 dec   :   3 des   :   0 
eor   :   0 fmul  :   0 fmuls :   0 fmulsu:   0 icall :   0 ijmp  :   0 
in    :   2 inc   :   0 jmp   :  27 ld    :  10 ldd   :   1 ldi   :  59 
lds   :  21 lpm   :   7 lsl   :   1 lsr   :   0 mov   :  17 movw  :   6 
mul   :   3 muls  :   0 mulsu :   0 neg   :   0 nop   :   0 or    :   0 
ori   :   0 out   :  24 pop   :   0 push  :   0 rcall :   4 ret   :   7 
reti  :   2 rjmp  :   9 rol   :   3 ror   :   0 sbc   :   1 sbci  :   0 
sbi   :   6 sbic  :   1 sbis  :   2 sbiw  :   5 sbr   :   1 sbrc  :   0 
sbrs  :   0 sec   :   0 seh   :   0 sei   :   1 sen   :   0 ser   :   0 
ses   :   0 set   :   0 sev   :   0 sez   :   0 sleep :   0 spm   :   0 
st    :  17 std   :   0 sts   :  43 sub   :   1 subi  :   0 swap  :   0 
tst   :   2 wdr   :   2 
Instructions used: 45 out of 116 (38.8%)

ATmega328P memory use summary [bytes]:
Segment   Begin    End      Code   Data   Used    Size   Use%
---------------------------------------------------------------
[.cseg] 0x000000 0x00038c    880     28    908   32768   2.8%
[.dseg] 0x000100 0x000306      0      6      6    2303   0.3%
[.eseg] 0x000000 0x000000      0      0      0    1024   0.0%

Assembly complete, 0 errors, 9 warnings
